[{"name":"TEST_OTHER","type":"weird","enabled":true,"cuteness":-12,"added":"this","payload":true}]